Archive member included because of file (symbol)

c:/altera/13.0sp1/nios2eds/bin/gnu/h-i686-mingw32/bin/../lib/gcc/nios2-elf/4.1.2\libgcc.a(lib2-divmod.o)
                              obj/default//H/E_325/Lab/nios_alarm_clock/main.o (__divsi3)
c:/altera/13.0sp1/nios2eds/bin/gnu/h-i686-mingw32/bin/../lib/gcc/nios2-elf/4.1.2/../../../../nios2-elf/lib\libc.a(lib_a-memcpy.o)
                              obj/default//H/E_325/Lab/nios_alarm_clock/main.o (memcpy)
BSP/\libhal_bsp.a(alt_irq_register.o)
                              obj/default//H/E_325/Lab/nios_alarm_clock/main.o (alt_irq_register)
BSP/\libhal_bsp.a(alt_irq_vars.o)
                              BSP/\libhal_bsp.a(alt_irq_register.o) (alt_irq_active)
BSP/\libhal_bsp.a(alt_load.o)
                              BSP//obj/HAL/src/crt0.o (alt_load)
BSP/\libhal_bsp.a(alt_main.o)
                              BSP//obj/HAL/src/crt0.o (alt_main)
BSP/\libhal_bsp.a(alt_sys_init.o)
                              BSP/\libhal_bsp.a(alt_main.o) (alt_irq_init)
BSP/\libhal_bsp.a(altera_avalon_jtag_uart_fd.o)
                              BSP/\libhal_bsp.a(alt_sys_init.o) (altera_avalon_jtag_uart_ioctl_fd)
BSP/\libhal_bsp.a(altera_avalon_jtag_uart_init.o)
                              BSP/\libhal_bsp.a(altera_avalon_jtag_uart_fd.o) (altera_avalon_jtag_uart_close)
BSP/\libhal_bsp.a(altera_avalon_jtag_uart_ioctl.o)
                              BSP/\libhal_bsp.a(altera_avalon_jtag_uart_fd.o) (altera_avalon_jtag_uart_ioctl)
BSP/\libhal_bsp.a(altera_avalon_jtag_uart_read.o)
                              BSP/\libhal_bsp.a(altera_avalon_jtag_uart_fd.o) (altera_avalon_jtag_uart_read)
BSP/\libhal_bsp.a(altera_avalon_jtag_uart_write.o)
                              BSP/\libhal_bsp.a(altera_avalon_jtag_uart_fd.o) (altera_avalon_jtag_uart_write)
BSP/\libhal_bsp.a(altera_avalon_timer_sc.o)
                              BSP/\libhal_bsp.a(alt_sys_init.o) (alt_avalon_timer_sc_init)
BSP/\libhal_bsp.a(altera_up_avalon_character_lcd.o)
                              obj/default//H/E_325/Lab/nios_alarm_clock/main.o (alt_up_character_lcd_string)
BSP/\libhal_bsp.a(alt_alarm_start.o)
                              BSP/\libhal_bsp.a(altera_avalon_jtag_uart_init.o) (alt_alarm_start)
BSP/\libhal_bsp.a(alt_close.o)
                              BSP/\libhal_bsp.a(alt_main.o) (close)
BSP/\libhal_bsp.a(alt_dcache_flush_all.o)
                              BSP/\libhal_bsp.a(alt_load.o) (alt_dcache_flush_all)
BSP/\libhal_bsp.a(alt_dev.o)  BSP/\libhal_bsp.a(alt_sys_init.o) (alt_dev_list)
BSP/\libhal_bsp.a(alt_dev_llist_insert.o)
                              BSP/\libhal_bsp.a(alt_sys_init.o) (alt_dev_llist_insert)
BSP/\libhal_bsp.a(alt_errno.o)
                              BSP/\libhal_bsp.a(alt_close.o) (alt_errno)
BSP/\libhal_bsp.a(alt_find_dev.o)
                              BSP/\libhal_bsp.a(altera_up_avalon_character_lcd.o) (alt_find_dev)
BSP/\libhal_bsp.a(alt_icache_flush_all.o)
                              BSP/\libhal_bsp.a(alt_load.o) (alt_icache_flush_all)
BSP/\libhal_bsp.a(alt_io_redirect.o)
                              BSP/\libhal_bsp.a(alt_main.o) (alt_io_redirect)
BSP/\libhal_bsp.a(alt_irq_entry.o)
                              BSP/\libhal_bsp.a(alt_irq_register.o) (alt_irq_entry)
BSP/\libhal_bsp.a(alt_irq_handler.o)
                              BSP/\libhal_bsp.a(alt_irq_register.o) (alt_irq_handler)
BSP/\libhal_bsp.a(alt_open.o)
                              BSP/\libhal_bsp.a(alt_io_redirect.o) (open)
BSP/\libhal_bsp.a(alt_release_fd.o)
                              BSP/\libhal_bsp.a(alt_close.o) (alt_release_fd)
BSP/\libhal_bsp.a(alt_tick.o)
                              BSP/\libhal_bsp.a(altera_avalon_timer_sc.o) (alt_tick)
BSP/\libhal_bsp.a(altera_nios2_qsys_irq.o)
                              BSP/\libhal_bsp.a(alt_sys_init.o) (altera_nios2_qsys_irq_init)
BSP/\libhal_bsp.a(alt_exception_entry.o)
                              BSP/\libhal_bsp.a(alt_irq_entry.o) (alt_exception)
BSP/\libhal_bsp.a(alt_find_file.o)
                              BSP/\libhal_bsp.a(alt_open.o) (alt_find_file)
BSP/\libhal_bsp.a(alt_get_fd.o)
                              BSP/\libhal_bsp.a(alt_open.o) (alt_get_fd)
BSP/\libhal_bsp.a(alt_icache_flush.o)
                              BSP/\libhal_bsp.a(alt_icache_flush_all.o) (alt_icache_flush)
c:/altera/13.0sp1/nios2eds/bin/gnu/h-i686-mingw32/bin/../lib/gcc/nios2-elf/4.1.2/../../../../nios2-elf/lib\libc.a(lib_a-exit.o)
                              BSP/\libhal_bsp.a(alt_main.o) (exit)
c:/altera/13.0sp1/nios2eds/bin/gnu/h-i686-mingw32/bin/../lib/gcc/nios2-elf/4.1.2/../../../../nios2-elf/lib\libc.a(lib_a-impure.o)
                              c:/altera/13.0sp1/nios2eds/bin/gnu/h-i686-mingw32/bin/../lib/gcc/nios2-elf/4.1.2/../../../../nios2-elf/lib\libc.a(lib_a-exit.o) (_global_impure_ptr)
c:/altera/13.0sp1/nios2eds/bin/gnu/h-i686-mingw32/bin/../lib/gcc/nios2-elf/4.1.2/../../../../nios2-elf/lib\libc.a(lib_a-int_errno.o)
                              BSP/\libhal_bsp.a(alt_close.o) (errno)
c:/altera/13.0sp1/nios2eds/bin/gnu/h-i686-mingw32/bin/../lib/gcc/nios2-elf/4.1.2/../../../../nios2-elf/lib\libc.a(lib_a-memcmp.o)
                              BSP/\libhal_bsp.a(alt_find_dev.o) (memcmp)
c:/altera/13.0sp1/nios2eds/bin/gnu/h-i686-mingw32/bin/../lib/gcc/nios2-elf/4.1.2/../../../../nios2-elf/lib\libc.a(lib_a-strlen.o)
                              BSP/\libhal_bsp.a(alt_find_dev.o) (strlen)
c:/altera/13.0sp1/nios2eds/bin/gnu/h-i686-mingw32/bin/../lib/gcc/nios2-elf/4.1.2/../../../../nios2-elf/lib\libc.a(lib_a-__call_atexit.o)
                              c:/altera/13.0sp1/nios2eds/bin/gnu/h-i686-mingw32/bin/../lib/gcc/nios2-elf/4.1.2/../../../../nios2-elf/lib\libc.a(lib_a-exit.o) (__call_exitprocs)
BSP/\libhal_bsp.a(alt_exit.o)
                              c:/altera/13.0sp1/nios2eds/bin/gnu/h-i686-mingw32/bin/../lib/gcc/nios2-elf/4.1.2/../../../../nios2-elf/lib\libc.a(lib_a-exit.o) (_exit)

Allocating common symbols
Common symbol       size              file

alt_irq             0x100             BSP/\libhal_bsp.a(alt_irq_handler.o)
bot_row             0x11              obj/default//H/E_325/Lab/nios_alarm_clock/main.o
edge_capture        0x4               obj/default//H/E_325/Lab/nios_alarm_clock/main.o
errno               0x4               c:/altera/13.0sp1/nios2eds/bin/gnu/h-i686-mingw32/bin/../lib/gcc/nios2-elf/4.1.2/../../../../nios2-elf/lib\libc.a(lib_a-int_errno.o)
char_lcd_dev        0x4               obj/default//H/E_325/Lab/nios_alarm_clock/main.o

Memory Configuration

Name             Origin             Length             Attributes
reset            0x00000000         0x00000020
RAM              0x00000020         0x00005fe0
*default*        0x00000000         0xffffffff

Linker script and memory map

LOAD BSP//obj/HAL/src/crt0.o
LOAD obj/default//H/E_325/Lab/nios_alarm_clock/main.o
LOAD c:/altera/13.0sp1/nios2eds/bin/gnu/h-i686-mingw32/bin/../lib/gcc/nios2-elf/4.1.2/../../../../nios2-elf/lib\libstdc++.a
LOAD c:/altera/13.0sp1/nios2eds/bin/gnu/h-i686-mingw32/bin/../lib/gcc/nios2-elf/4.1.2/../../../../nios2-elf/lib\libm.a
LOAD c:/altera/13.0sp1/nios2eds/bin/gnu/h-i686-mingw32/bin/../lib/gcc/nios2-elf/4.1.2\libgcc.a
START GROUP
LOAD c:/altera/13.0sp1/nios2eds/bin/gnu/h-i686-mingw32/bin/../lib/gcc/nios2-elf/4.1.2/../../../../nios2-elf/lib\libc.a
LOAD c:/altera/13.0sp1/nios2eds/bin/gnu/h-i686-mingw32/bin/../lib/gcc/nios2-elf/4.1.2\libgcc.a
LOAD BSP/\libhal_bsp.a
END GROUP
LOAD c:/altera/13.0sp1/nios2eds/bin/gnu/h-i686-mingw32/bin/../lib/gcc/nios2-elf/4.1.2\libgcc.a
                0x00000000                __alt_mem_RAM = 0x0

.entry          0x00000000       0x20
 *(.entry)
 .entry         0x00000000       0x20 BSP//obj/HAL/src/crt0.o
                0x00000000                __reset

.exceptions     0x00000020      0x148
                0x00000020                PROVIDE (__ram_exceptions_start, ABSOLUTE (.))
                0x00000020                . = ALIGN (0x20)
 *(.irq)
 *(.exceptions.entry.label)
 .exceptions.entry.label
                0x00000020        0x0 BSP/\libhal_bsp.a(alt_irq_entry.o)
                0x00000020                alt_irq_entry
 .exceptions.entry.label
                0x00000020        0x0 BSP/\libhal_bsp.a(alt_exception_entry.o)
                0x00000020                alt_exception
 *(.exceptions.entry.user)
 *(.exceptions.entry)
 .exceptions.entry
                0x00000020       0x54 BSP/\libhal_bsp.a(alt_exception_entry.o)
 *(.exceptions.irqtest.user)
 *(.exceptions.irqtest)
 .exceptions.irqtest
                0x00000074       0x10 BSP/\libhal_bsp.a(alt_irq_entry.o)
 *(.exceptions.irqhandler.user)
 *(.exceptions.irqhandler)
 .exceptions.irqhandler
                0x00000084        0x4 BSP/\libhal_bsp.a(alt_irq_entry.o)
 *(.exceptions.irqreturn.user)
 *(.exceptions.irqreturn)
 .exceptions.irqreturn
                0x00000088        0x4 BSP/\libhal_bsp.a(alt_irq_entry.o)
 *(.exceptions.notirq.label)
 .exceptions.notirq.label
                0x0000008c        0x0 BSP/\libhal_bsp.a(alt_irq_entry.o)
 *(.exceptions.notirq.user)
 *(.exceptions.notirq)
 .exceptions.notirq
                0x0000008c        0x8 BSP/\libhal_bsp.a(alt_exception_entry.o)
 *(.exceptions.soft.user)
 *(.exceptions.soft)
 *(.exceptions.unknown.user)
 *(.exceptions.unknown)
 .exceptions.unknown
                0x00000094        0x4 BSP/\libhal_bsp.a(alt_exception_entry.o)
 *(.exceptions.exit.label)
 .exceptions.exit.label
                0x00000098        0x0 BSP/\libhal_bsp.a(alt_irq_entry.o)
 .exceptions.exit.label
                0x00000098        0x0 BSP/\libhal_bsp.a(alt_exception_entry.o)
 *(.exceptions.exit.user)
 *(.exceptions.exit)
 .exceptions.exit
                0x00000098       0x54 BSP/\libhal_bsp.a(alt_exception_entry.o)
 *(.exceptions)
 .exceptions    0x000000ec       0x7c BSP/\libhal_bsp.a(alt_irq_handler.o)
                0x000000ec                alt_irq_handler
                0x00000168                PROVIDE (__ram_exceptions_end, ABSOLUTE (.))
                0x00000020                PROVIDE (__flash_exceptions_start, LOADADDR (.exceptions))

.text           0x00000168     0x1cdc
                0x00000168                PROVIDE (stext, ABSOLUTE (.))
 *(.interp)
 *(.hash)
 *(.dynsym)
 *(.dynstr)
 *(.gnu.version)
 *(.gnu.version_d)
 *(.gnu.version_r)
 *(.rel.init)
 *(.rela.init)
 *(.rel.text .rel.text.* .rel.gnu.linkonce.t.*)
 *(.rela.text .rela.text.* .rela.gnu.linkonce.t.*)
 *(.rel.fini)
 *(.rela.fini)
 *(.rel.rodata .rel.rodata.* .rel.gnu.linkonce.r.*)
 *(.rela.rodata .rela.rodata.* .rela.gnu.linkonce.r.*)
 *(.rel.data .rel.data.* .rel.gnu.linkonce.d.*)
 *(.rela.data .rela.data.* .rela.gnu.linkonce.d.*)
 *(.rel.tdata .rel.tdata.* .rel.gnu.linkonce.td.*)
 *(.rela.tdata .rela.tdata.* .rela.gnu.linkonce.td.*)
 *(.rel.tbss .rel.tbss.* .rel.gnu.linkonce.tb.*)
 *(.rela.tbss .rela.tbss.* .rela.gnu.linkonce.tb.*)
 *(.rel.ctors)
 *(.rela.ctors)
 *(.rel.dtors)
 *(.rela.dtors)
 *(.rel.got)
 *(.rela.got)
 *(.rel.sdata .rel.sdata.* .rel.gnu.linkonce.s.*)
 *(.rela.sdata .rela.sdata.* .rela.gnu.linkonce.s.*)
 *(.rel.sbss .rel.sbss.* .rel.gnu.linkonce.sb.*)
 *(.rela.sbss .rela.sbss.* .rela.gnu.linkonce.sb.*)
 *(.rel.sdata2 .rel.sdata2.* .rel.gnu.linkonce.s2.*)
 *(.rela.sdata2 .rela.sdata2.* .rela.gnu.linkonce.s2.*)
 *(.rel.sbss2 .rel.sbss2.* .rel.gnu.linkonce.sb2.*)
 *(.rela.sbss2 .rela.sbss2.* .rela.gnu.linkonce.sb2.*)
 *(.rel.bss .rel.bss.* .rel.gnu.linkonce.b.*)
 *(.rela.bss .rela.bss.* .rela.gnu.linkonce.b.*)
 *(.rel.plt)
 *(.rela.plt)
 *(.rel.dyn)
 *(.init)
 *(.plt)
 *(.text .stub .text.* .gnu.linkonce.t.*)
 .text          0x00000168       0x3c BSP//obj/HAL/src/crt0.o
                0x00000168                _start
 .text          0x000001a4      0x400 obj/default//H/E_325/Lab/nios_alarm_clock/main.o
                0x000001a4                timer1_isr
                0x000001bc                timer0_isr
                0x000001d4                write_current_time_to_bot_row
                0x00000208                init_timer_1
                0x0000025c                init_timer_0
                0x000002d0                reset_display
                0x00000380                handle_key_press
                0x000003d8                main
 .text          0x000005a4      0x14c c:/altera/13.0sp1/nios2eds/bin/gnu/h-i686-mingw32/bin/../lib/gcc/nios2-elf/4.1.2\libgcc.a(lib2-divmod.o)
                0x00000620                __divsi3
                0x00000680                __modsi3
                0x000006e0                __udivsi3
                0x000006e8                __umodsi3
 .text          0x000006f0       0xa0 c:/altera/13.0sp1/nios2eds/bin/gnu/h-i686-mingw32/bin/../lib/gcc/nios2-elf/4.1.2/../../../../nios2-elf/lib\libc.a(lib_a-memcpy.o)
                0x000006f0                memcpy
 .text          0x00000790       0xbc BSP/\libhal_bsp.a(alt_irq_register.o)
                0x00000790                alt_irq_register
 .text          0x0000084c        0x0 BSP/\libhal_bsp.a(alt_irq_vars.o)
 .text          0x0000084c       0xc4 BSP/\libhal_bsp.a(alt_load.o)
                0x0000084c                alt_load
 .text          0x00000910       0x50 BSP/\libhal_bsp.a(alt_main.o)
                0x00000910                alt_main
 .text          0x00000960       0xe0 BSP/\libhal_bsp.a(alt_sys_init.o)
                0x00000960                alt_irq_init
                0x00000980                alt_sys_init
 .text          0x00000a40       0x98 BSP/\libhal_bsp.a(altera_avalon_jtag_uart_fd.o)
                0x00000a40                altera_avalon_jtag_uart_ioctl_fd
                0x00000a60                altera_avalon_jtag_uart_close_fd
                0x00000a88                altera_avalon_jtag_uart_write_fd
                0x00000ab0                altera_avalon_jtag_uart_read_fd
 .text          0x00000ad8      0x238 BSP/\libhal_bsp.a(altera_avalon_jtag_uart_init.o)
                0x00000ad8                altera_avalon_jtag_uart_close
                0x00000b64                altera_avalon_jtag_uart_init
 .text          0x00000d10       0x74 BSP/\libhal_bsp.a(altera_avalon_jtag_uart_ioctl.o)
                0x00000d10                altera_avalon_jtag_uart_ioctl
 .text          0x00000d84      0x168 BSP/\libhal_bsp.a(altera_avalon_jtag_uart_read.o)
                0x00000d84                altera_avalon_jtag_uart_read
 .text          0x00000eec      0x17c BSP/\libhal_bsp.a(altera_avalon_jtag_uart_write.o)
                0x00000eec                altera_avalon_jtag_uart_write
 .text          0x00001068       0x80 BSP/\libhal_bsp.a(altera_avalon_timer_sc.o)
                0x00001068                alt_avalon_timer_sc_init
 .text          0x000010e8      0x30c BSP/\libhal_bsp.a(altera_up_avalon_character_lcd.o)
                0x000010e8                get_DDRAM_addr
                0x00001104                alt_up_character_lcd_string
                0x00001150                alt_up_character_lcd_write
                0x0000117c                alt_up_character_lcd_write_fd
                0x0000119c                alt_up_character_lcd_init
                0x000011ac                alt_up_character_lcd_send_cmd
                0x000011bc                alt_up_character_lcd_cursor_blink_on
                0x000011d8                alt_up_character_lcd_cursor_off
                0x000011f4                alt_up_character_lcd_erase_pos
                0x00001260                alt_up_character_lcd_shift_display
                0x000012f0                alt_up_character_lcd_shift_cursor
                0x00001380                alt_up_character_lcd_set_cursor_pos
                0x000013d4                alt_up_character_lcd_open_dev
 .text          0x000013f4       0x94 BSP/\libhal_bsp.a(alt_alarm_start.o)
                0x000013f4                alt_alarm_start
 .text          0x00001488       0xdc BSP/\libhal_bsp.a(alt_close.o)
                0x00001488                close
 .text          0x00001564        0x4 BSP/\libhal_bsp.a(alt_dcache_flush_all.o)
                0x00001564                alt_dcache_flush_all
 .text          0x00001568        0x8 BSP/\libhal_bsp.a(alt_dev.o)
 .text          0x00001570       0x70 BSP/\libhal_bsp.a(alt_dev_llist_insert.o)
                0x00001570                alt_dev_llist_insert
 .text          0x000015e0        0x0 BSP/\libhal_bsp.a(alt_errno.o)
 .text          0x000015e0       0x70 BSP/\libhal_bsp.a(alt_find_dev.o)
                0x000015e0                alt_find_dev
 .text          0x00001650       0x20 BSP/\libhal_bsp.a(alt_icache_flush_all.o)
                0x00001650                alt_icache_flush_all
 .text          0x00001670       0xfc BSP/\libhal_bsp.a(alt_io_redirect.o)
                0x000016d4                alt_io_redirect
 .text          0x0000176c        0x0 BSP/\libhal_bsp.a(alt_irq_entry.o)
 .text          0x0000176c        0x0 BSP/\libhal_bsp.a(alt_irq_handler.o)
 .text          0x0000176c      0x17c BSP/\libhal_bsp.a(alt_open.o)
                0x0000176c                open
 .text          0x000018e8       0x24 BSP/\libhal_bsp.a(alt_release_fd.o)
                0x000018e8                alt_release_fd
 .text          0x0000190c       0xe0 BSP/\libhal_bsp.a(alt_tick.o)
                0x0000190c                alt_alarm_stop
                0x00001940                alt_tick
 .text          0x000019ec        0x8 BSP/\libhal_bsp.a(altera_nios2_qsys_irq.o)
                0x000019ec                altera_nios2_qsys_irq_init
 .text          0x000019f4        0x0 BSP/\libhal_bsp.a(alt_exception_entry.o)
 .text          0x000019f4       0xbc BSP/\libhal_bsp.a(alt_find_file.o)
                0x000019f4                alt_find_file
 .text          0x00001ab0       0x6c BSP/\libhal_bsp.a(alt_get_fd.o)
                0x00001ab0                alt_get_fd
 .text          0x00001b1c       0x3c BSP/\libhal_bsp.a(alt_icache_flush.o)
                0x00001b1c                alt_icache_flush
 .text          0x00001b58       0x38 c:/altera/13.0sp1/nios2eds/bin/gnu/h-i686-mingw32/bin/../lib/gcc/nios2-elf/4.1.2/../../../../nios2-elf/lib\libc.a(lib_a-exit.o)
                0x00001b58                exit
 .text          0x00001b90        0x0 c:/altera/13.0sp1/nios2eds/bin/gnu/h-i686-mingw32/bin/../lib/gcc/nios2-elf/4.1.2/../../../../nios2-elf/lib\libc.a(lib_a-impure.o)
 .text          0x00001b90        0x0 c:/altera/13.0sp1/nios2eds/bin/gnu/h-i686-mingw32/bin/../lib/gcc/nios2-elf/4.1.2/../../../../nios2-elf/lib\libc.a(lib_a-int_errno.o)
 .text          0x00001b90       0x74 c:/altera/13.0sp1/nios2eds/bin/gnu/h-i686-mingw32/bin/../lib/gcc/nios2-elf/4.1.2/../../../../nios2-elf/lib\libc.a(lib_a-memcmp.o)
                0x00001b90                memcmp
 .text          0x00001c04       0x74 c:/altera/13.0sp1/nios2eds/bin/gnu/h-i686-mingw32/bin/../lib/gcc/nios2-elf/4.1.2/../../../../nios2-elf/lib\libc.a(lib_a-strlen.o)
                0x00001c04                strlen
 .text          0x00001c78      0x1b4 c:/altera/13.0sp1/nios2eds/bin/gnu/h-i686-mingw32/bin/../lib/gcc/nios2-elf/4.1.2/../../../../nios2-elf/lib\libc.a(lib_a-__call_atexit.o)
                0x00001c7c                __call_exitprocs
 .text          0x00001e2c       0x14 BSP/\libhal_bsp.a(alt_exit.o)
                0x00001e2c                _exit
 *(.gnu.warning.*)
 *(.fini)
                0x00001e40                PROVIDE (__etext, ABSOLUTE (.))
                0x00001e40                PROVIDE (_etext, ABSOLUTE (.))
                0x00001e40                PROVIDE (etext, ABSOLUTE (.))
 *(.eh_frame_hdr)
                0x00001e40                . = ALIGN (0x4)
                0x00001e40                PROVIDE (__preinit_array_start, ABSOLUTE (.))
 *(.preinit_array)
                0x00001e40                PROVIDE (__preinit_array_end, ABSOLUTE (.))
                0x00001e40                PROVIDE (__init_array_start, ABSOLUTE (.))
 *(.init_array)
                0x00001e40                PROVIDE (__init_array_end, ABSOLUTE (.))
                0x00001e40                PROVIDE (__fini_array_start, ABSOLUTE (.))
 *(.fini_array)
                0x00001e40                PROVIDE (__fini_array_end, ABSOLUTE (.))
 *(.eh_frame)
 *(.gcc_except_table)
 *(.dynamic)
                0x00001e40                PROVIDE (__CTOR_LIST__, ABSOLUTE (.))
 *(.ctors)
 *(SORT(.ctors.*))
 .ctors.65535   0x00001e40        0x4 c:/altera/13.0sp1/nios2eds/bin/gnu/h-i686-mingw32/bin/../lib/gcc/nios2-elf/4.1.2/../../../../nios2-elf/lib\libc.a(lib_a-__call_atexit.o)
                0x00001e44                PROVIDE (__CTOR_END__, ABSOLUTE (.))
                0x00001e44                PROVIDE (__DTOR_LIST__, ABSOLUTE (.))
 *(.dtors)
 *(SORT(.dtors.*))
                0x00001e44                PROVIDE (__DTOR_END__, ABSOLUTE (.))
 *(.jcr)
                0x00001e44                . = ALIGN (0x4)

.rodata         0x00001e44       0x74
                0x00001e44                PROVIDE (__ram_rodata_start, ABSOLUTE (.))
                0x00001e44                . = ALIGN (0x4)
 *(.rodata .rodata.* .gnu.linkonce.r.*)
 .rodata.str1.4
                0x00001e44       0x1d obj/default//H/E_325/Lab/nios_alarm_clock/main.o
                                 0x20 (size before relaxing)
 *fill*         0x00001e61        0x3 00
 .rodata.str1.4
                0x00001e64        0xe BSP/\libhal_bsp.a(alt_main.o)
                                 0x10 (size before relaxing)
 *fill*         0x00001e72        0x2 00
 .rodata.str1.4
                0x00001e74       0x34 BSP/\libhal_bsp.a(alt_sys_init.o)
                                 0x50 (size before relaxing)
 .rodata.str1.4
                0x00001ea8        0xa BSP/\libhal_bsp.a(alt_dev.o)
                                  0xc (size before relaxing)
 *fill*         0x00001eb2        0x2 00
 .rodata.str1.4
                0x00001eb4        0x4 c:/altera/13.0sp1/nios2eds/bin/gnu/h-i686-mingw32/bin/../lib/gcc/nios2-elf/4.1.2/../../../../nios2-elf/lib\libc.a(lib_a-impure.o)
 *(.rodata1)
                0x00001eb8                . = ALIGN (0x4)
                0x00001eb8                PROVIDE (__ram_rodata_end, ABSOLUTE (.))
                0x00001e44                PROVIDE (__flash_rodata_start, LOADADDR (.rodata))

.rwdata         0x00001eb8     0x1724 load address 0x000035dc
                0x00001eb8                PROVIDE (__ram_rwdata_start, ABSOLUTE (.))
                0x00001eb8                . = ALIGN (0x4)
 *(.got.plt)
 *(.got)
 *(.data1)
 *(.data .data.* .gnu.linkonce.d.*)
 .data          0x00001eb8        0x0 BSP//obj/HAL/src/crt0.o
 .data          0x00001eb8       0x14 obj/default//H/E_325/Lab/nios_alarm_clock/main.o
                0x00001eb8                top_row
 .data          0x00001ecc        0x0 c:/altera/13.0sp1/nios2eds/bin/gnu/h-i686-mingw32/bin/../lib/gcc/nios2-elf/4.1.2\libgcc.a(lib2-divmod.o)
 .data          0x00001ecc        0x0 c:/altera/13.0sp1/nios2eds/bin/gnu/h-i686-mingw32/bin/../lib/gcc/nios2-elf/4.1.2/../../../../nios2-elf/lib\libc.a(lib_a-memcpy.o)
 .data          0x00001ecc        0x0 BSP/\libhal_bsp.a(alt_irq_register.o)
 .data          0x00001ecc        0x0 BSP/\libhal_bsp.a(alt_irq_vars.o)
 .data          0x00001ecc        0x0 BSP/\libhal_bsp.a(alt_load.o)
 .data          0x00001ecc        0x0 BSP/\libhal_bsp.a(alt_main.o)
 .data          0x00001ecc     0x113c BSP/\libhal_bsp.a(alt_sys_init.o)
 .data          0x00003008        0x0 BSP/\libhal_bsp.a(altera_avalon_jtag_uart_fd.o)
 .data          0x00003008        0x0 BSP/\libhal_bsp.a(altera_avalon_jtag_uart_init.o)
 .data          0x00003008        0x0 BSP/\libhal_bsp.a(altera_avalon_jtag_uart_ioctl.o)
 .data          0x00003008        0x0 BSP/\libhal_bsp.a(altera_avalon_jtag_uart_read.o)
 .data          0x00003008        0x0 BSP/\libhal_bsp.a(altera_avalon_jtag_uart_write.o)
 .data          0x00003008        0x0 BSP/\libhal_bsp.a(altera_avalon_timer_sc.o)
 .data          0x00003008        0x0 BSP/\libhal_bsp.a(altera_up_avalon_character_lcd.o)
 .data          0x00003008        0x0 BSP/\libhal_bsp.a(alt_alarm_start.o)
 .data          0x00003008        0x0 BSP/\libhal_bsp.a(alt_close.o)
 .data          0x00003008        0x0 BSP/\libhal_bsp.a(alt_dcache_flush_all.o)
 .data          0x00003008      0x1a8 BSP/\libhal_bsp.a(alt_dev.o)
                0x00003008                alt_dev_null
                0x00003030                alt_fd_list
 .data          0x000031b0        0x0 BSP/\libhal_bsp.a(alt_dev_llist_insert.o)
 .data          0x000031b0        0x0 BSP/\libhal_bsp.a(alt_errno.o)
 .data          0x000031b0        0x0 BSP/\libhal_bsp.a(alt_find_dev.o)
 .data          0x000031b0        0x0 BSP/\libhal_bsp.a(alt_icache_flush_all.o)
 .data          0x000031b0        0x0 BSP/\libhal_bsp.a(alt_io_redirect.o)
 .data          0x000031b0        0x0 BSP/\libhal_bsp.a(alt_irq_entry.o)
 .data          0x000031b0        0x0 BSP/\libhal_bsp.a(alt_irq_handler.o)
 .data          0x000031b0        0x0 BSP/\libhal_bsp.a(alt_open.o)
 .data          0x000031b0        0x0 BSP/\libhal_bsp.a(alt_release_fd.o)
 .data          0x000031b0        0x0 BSP/\libhal_bsp.a(alt_tick.o)
 .data          0x000031b0        0x0 BSP/\libhal_bsp.a(altera_nios2_qsys_irq.o)
 .data          0x000031b0        0x0 BSP/\libhal_bsp.a(alt_exception_entry.o)
 .data          0x000031b0        0x0 BSP/\libhal_bsp.a(alt_find_file.o)
 .data          0x000031b0        0x0 BSP/\libhal_bsp.a(alt_get_fd.o)
 .data          0x000031b0        0x0 BSP/\libhal_bsp.a(alt_icache_flush.o)
 .data          0x000031b0        0x0 c:/altera/13.0sp1/nios2eds/bin/gnu/h-i686-mingw32/bin/../lib/gcc/nios2-elf/4.1.2/../../../../nios2-elf/lib\libc.a(lib_a-exit.o)
 .data          0x000031b0      0x400 c:/altera/13.0sp1/nios2eds/bin/gnu/h-i686-mingw32/bin/../lib/gcc/nios2-elf/4.1.2/../../../../nios2-elf/lib\libc.a(lib_a-impure.o)
 .data          0x000035b0        0x0 c:/altera/13.0sp1/nios2eds/bin/gnu/h-i686-mingw32/bin/../lib/gcc/nios2-elf/4.1.2/../../../../nios2-elf/lib\libc.a(lib_a-int_errno.o)
 .data          0x000035b0        0x0 c:/altera/13.0sp1/nios2eds/bin/gnu/h-i686-mingw32/bin/../lib/gcc/nios2-elf/4.1.2/../../../../nios2-elf/lib\libc.a(lib_a-memcmp.o)
 .data          0x000035b0        0x0 c:/altera/13.0sp1/nios2eds/bin/gnu/h-i686-mingw32/bin/../lib/gcc/nios2-elf/4.1.2/../../../../nios2-elf/lib\libc.a(lib_a-strlen.o)
 .data          0x000035b0        0x0 c:/altera/13.0sp1/nios2eds/bin/gnu/h-i686-mingw32/bin/../lib/gcc/nios2-elf/4.1.2/../../../../nios2-elf/lib\libc.a(lib_a-__call_atexit.o)
 .data          0x000035b0        0x0 BSP/\libhal_bsp.a(alt_exit.o)
                0x0000b5b0                _gp = ABSOLUTE ((. + 0x8000))
                0x0000b5b0                PROVIDE (gp, _gp)
 *(.rwdata .rwdata.*)
 *(.sdata .sdata.* .gnu.linkonce.s.*)
 .sdata         0x000035b0        0x4 BSP/\libhal_bsp.a(alt_irq_vars.o)
                0x000035b0                alt_priority_mask
 .sdata         0x000035b4       0x14 BSP/\libhal_bsp.a(alt_dev.o)
                0x000035b4                alt_fs_list
                0x000035bc                alt_dev_list
                0x000035c4                alt_max_fd
 .sdata         0x000035c8        0x4 BSP/\libhal_bsp.a(alt_errno.o)
                0x000035c8                alt_errno
 .sdata         0x000035cc        0x8 BSP/\libhal_bsp.a(alt_tick.o)
                0x000035cc                alt_alarm_list
 .sdata         0x000035d4        0x8 c:/altera/13.0sp1/nios2eds/bin/gnu/h-i686-mingw32/bin/../lib/gcc/nios2-elf/4.1.2/../../../../nios2-elf/lib\libc.a(lib_a-impure.o)
                0x000035d4                _impure_ptr
                0x000035d8                _global_impure_ptr
 *(.sdata2 .sdata2.* .gnu.linkonce.s2.*)
                0x000035dc                . = ALIGN (0x4)
                0x000035dc                _edata = ABSOLUTE (.)
                0x000035dc                PROVIDE (edata, ABSOLUTE (.))
                0x000035dc                PROVIDE (__ram_rwdata_end, ABSOLUTE (.))
                0x000035dc                PROVIDE (__flash_rwdata_start, LOADADDR (.rwdata))

.bss            0x00004d00      0x148
                0x00004d00                __bss_start = ABSOLUTE (.)
                0x00004d00                PROVIDE (__sbss_start, ABSOLUTE (.))
                0x00004d00                PROVIDE (___sbss_start, ABSOLUTE (.))
 *(.dynsbss)
 *(.sbss .sbss.* .gnu.linkonce.sb.*)
 .sbss          0x00004d00       0x10 obj/default//H/E_325/Lab/nios_alarm_clock/main.o
                0x00004d00                minutes
                0x00004d04                seconds
                0x00004d08                tenths
                0x00004d0c                half_second
 .sbss          0x00004d10        0x8 obj/default//H/E_325/Lab/nios_alarm_clock/main.o
                0x00004d10                edge_capture
                0x00004d14                char_lcd_dev
 .sbss          0x00004d18        0x4 BSP/\libhal_bsp.a(alt_irq_vars.o)
                0x00004d18                alt_irq_active
 .sbss          0x00004d1c        0xc BSP/\libhal_bsp.a(alt_main.o)
                0x00004d1c                alt_argc
                0x00004d20                alt_argv
                0x00004d24                alt_envp
 .sbss          0x00004d28        0x8 BSP/\libhal_bsp.a(alt_tick.o)
                0x00004d28                _alt_tick_rate
                0x00004d2c                _alt_nticks
 .sbss          0x00004d30        0x4 c:/altera/13.0sp1/nios2eds/bin/gnu/h-i686-mingw32/bin/../lib/gcc/nios2-elf/4.1.2/../../../../nios2-elf/lib\libc.a(lib_a-int_errno.o)
                0x00004d30                errno
 *(.sbss2 .sbss2.* .gnu.linkonce.sb2.*)
 *(.scommon)
                0x00004d34                PROVIDE (__sbss_end, ABSOLUTE (.))
                0x00004d34                PROVIDE (___sbss_end, ABSOLUTE (.))
 *(.dynbss)
 *(.bss .bss.* .gnu.linkonce.b.*)
 .bss           0x00004d34        0x0 BSP//obj/HAL/src/crt0.o
 .bss           0x00004d34        0x0 obj/default//H/E_325/Lab/nios_alarm_clock/main.o
 .bss           0x00004d34        0x0 c:/altera/13.0sp1/nios2eds/bin/gnu/h-i686-mingw32/bin/../lib/gcc/nios2-elf/4.1.2\libgcc.a(lib2-divmod.o)
 .bss           0x00004d34        0x0 c:/altera/13.0sp1/nios2eds/bin/gnu/h-i686-mingw32/bin/../lib/gcc/nios2-elf/4.1.2/../../../../nios2-elf/lib\libc.a(lib_a-memcpy.o)
 .bss           0x00004d34        0x0 BSP/\libhal_bsp.a(alt_irq_register.o)
 .bss           0x00004d34        0x0 BSP/\libhal_bsp.a(alt_irq_vars.o)
 .bss           0x00004d34        0x0 BSP/\libhal_bsp.a(alt_load.o)
 .bss           0x00004d34        0x0 BSP/\libhal_bsp.a(alt_main.o)
 .bss           0x00004d34        0x0 BSP/\libhal_bsp.a(alt_sys_init.o)
 .bss           0x00004d34        0x0 BSP/\libhal_bsp.a(altera_avalon_jtag_uart_fd.o)
 .bss           0x00004d34        0x0 BSP/\libhal_bsp.a(altera_avalon_jtag_uart_init.o)
 .bss           0x00004d34        0x0 BSP/\libhal_bsp.a(altera_avalon_jtag_uart_ioctl.o)
 .bss           0x00004d34        0x0 BSP/\libhal_bsp.a(altera_avalon_jtag_uart_read.o)
 .bss           0x00004d34        0x0 BSP/\libhal_bsp.a(altera_avalon_jtag_uart_write.o)
 .bss           0x00004d34        0x0 BSP/\libhal_bsp.a(altera_avalon_timer_sc.o)
 .bss           0x00004d34        0x0 BSP/\libhal_bsp.a(altera_up_avalon_character_lcd.o)
 .bss           0x00004d34        0x0 BSP/\libhal_bsp.a(alt_alarm_start.o)
 .bss           0x00004d34        0x0 BSP/\libhal_bsp.a(alt_close.o)
 .bss           0x00004d34        0x0 BSP/\libhal_bsp.a(alt_dcache_flush_all.o)
 .bss           0x00004d34        0x0 BSP/\libhal_bsp.a(alt_dev.o)
 .bss           0x00004d34        0x0 BSP/\libhal_bsp.a(alt_dev_llist_insert.o)
 .bss           0x00004d34        0x0 BSP/\libhal_bsp.a(alt_errno.o)
 .bss           0x00004d34        0x0 BSP/\libhal_bsp.a(alt_find_dev.o)
 .bss           0x00004d34        0x0 BSP/\libhal_bsp.a(alt_icache_flush_all.o)
 .bss           0x00004d34        0x0 BSP/\libhal_bsp.a(alt_io_redirect.o)
 .bss           0x00004d34        0x0 BSP/\libhal_bsp.a(alt_irq_entry.o)
 .bss           0x00004d34        0x0 BSP/\libhal_bsp.a(alt_irq_handler.o)
 .bss           0x00004d34        0x0 BSP/\libhal_bsp.a(alt_open.o)
 .bss           0x00004d34        0x0 BSP/\libhal_bsp.a(alt_release_fd.o)
 .bss           0x00004d34        0x0 BSP/\libhal_bsp.a(alt_tick.o)
 .bss           0x00004d34        0x0 BSP/\libhal_bsp.a(altera_nios2_qsys_irq.o)
 .bss           0x00004d34        0x0 BSP/\libhal_bsp.a(alt_exception_entry.o)
 .bss           0x00004d34        0x0 BSP/\libhal_bsp.a(alt_find_file.o)
 .bss           0x00004d34        0x0 BSP/\libhal_bsp.a(alt_get_fd.o)
 .bss           0x00004d34        0x0 BSP/\libhal_bsp.a(alt_icache_flush.o)
 .bss           0x00004d34        0x0 c:/altera/13.0sp1/nios2eds/bin/gnu/h-i686-mingw32/bin/../lib/gcc/nios2-elf/4.1.2/../../../../nios2-elf/lib\libc.a(lib_a-exit.o)
 .bss           0x00004d34        0x0 c:/altera/13.0sp1/nios2eds/bin/gnu/h-i686-mingw32/bin/../lib/gcc/nios2-elf/4.1.2/../../../../nios2-elf/lib\libc.a(lib_a-impure.o)
 .bss           0x00004d34        0x0 c:/altera/13.0sp1/nios2eds/bin/gnu/h-i686-mingw32/bin/../lib/gcc/nios2-elf/4.1.2/../../../../nios2-elf/lib\libc.a(lib_a-int_errno.o)
 .bss           0x00004d34        0x0 c:/altera/13.0sp1/nios2eds/bin/gnu/h-i686-mingw32/bin/../lib/gcc/nios2-elf/4.1.2/../../../../nios2-elf/lib\libc.a(lib_a-memcmp.o)
 .bss           0x00004d34        0x0 c:/altera/13.0sp1/nios2eds/bin/gnu/h-i686-mingw32/bin/../lib/gcc/nios2-elf/4.1.2/../../../../nios2-elf/lib\libc.a(lib_a-strlen.o)
 .bss           0x00004d34        0x0 c:/altera/13.0sp1/nios2eds/bin/gnu/h-i686-mingw32/bin/../lib/gcc/nios2-elf/4.1.2/../../../../nios2-elf/lib\libc.a(lib_a-__call_atexit.o)
 .bss           0x00004d34        0x0 BSP/\libhal_bsp.a(alt_exit.o)
 *(COMMON)
 COMMON         0x00004d34       0x11 obj/default//H/E_325/Lab/nios_alarm_clock/main.o
                0x00004d34                bot_row
 *fill*         0x00004d45        0x3 00
 COMMON         0x00004d48      0x100 BSP/\libhal_bsp.a(alt_irq_handler.o)
                0x00004d48                alt_irq
                0x00004e48                . = ALIGN (0x4)
                0x00004e48                __bss_end = ABSOLUTE (.)

.RAM            0x00004e48        0x0
                0x00004e48                PROVIDE (_alt_partition_RAM_start, ABSOLUTE (.))
 *(.RAM. RAM.*)
                0x00004e48                . = ALIGN (0x4)
                0x00004e48                PROVIDE (_alt_partition_RAM_end, ABSOLUTE (.))
                0x00004e48                _end = ABSOLUTE (.)
                0x00004e48                end = ABSOLUTE (.)
                0x00004e48                __alt_stack_base = ABSOLUTE (.)
                0x00004e48                PROVIDE (_alt_partition_RAM_load_addr, LOADADDR (.RAM))

.stab
 *(.stab)

.stabstr
 *(.stabstr)

.stab.excl
 *(.stab.excl)

.stab.exclstr
 *(.stab.exclstr)

.stab.index
 *(.stab.index)

.stab.indexstr
 *(.stab.indexstr)

.comment        0x00000000       0x26
 *(.comment)
 .comment       0x00000000       0x26 obj/default//H/E_325/Lab/nios_alarm_clock/main.o
                                 0x27 (size before relaxing)
 .comment       0x00000000       0x27 c:/altera/13.0sp1/nios2eds/bin/gnu/h-i686-mingw32/bin/../lib/gcc/nios2-elf/4.1.2\libgcc.a(lib2-divmod.o)
 .comment       0x00000000       0x27 c:/altera/13.0sp1/nios2eds/bin/gnu/h-i686-mingw32/bin/../lib/gcc/nios2-elf/4.1.2/../../../../nios2-elf/lib\libc.a(lib_a-memcpy.o)
 .comment       0x00000000       0x27 BSP/\libhal_bsp.a(alt_irq_register.o)
 .comment       0x00000000       0x27 BSP/\libhal_bsp.a(alt_irq_vars.o)
 .comment       0x00000000       0x27 BSP/\libhal_bsp.a(alt_load.o)
 .comment       0x00000000       0x27 BSP/\libhal_bsp.a(alt_main.o)
 .comment       0x00000000       0x27 BSP/\libhal_bsp.a(alt_sys_init.o)
 .comment       0x00000000       0x27 BSP/\libhal_bsp.a(altera_avalon_jtag_uart_fd.o)
 .comment       0x00000000       0x27 BSP/\libhal_bsp.a(altera_avalon_jtag_uart_init.o)
 .comment       0x00000000       0x27 BSP/\libhal_bsp.a(altera_avalon_jtag_uart_ioctl.o)
 .comment       0x00000000       0x27 BSP/\libhal_bsp.a(altera_avalon_jtag_uart_read.o)
 .comment       0x00000000       0x27 BSP/\libhal_bsp.a(altera_avalon_jtag_uart_write.o)
 .comment       0x00000000       0x27 BSP/\libhal_bsp.a(altera_avalon_timer_sc.o)
 .comment       0x00000000       0x27 BSP/\libhal_bsp.a(altera_up_avalon_character_lcd.o)
 .comment       0x00000000       0x27 BSP/\libhal_bsp.a(alt_alarm_start.o)
 .comment       0x00000000       0x27 BSP/\libhal_bsp.a(alt_close.o)
 .comment       0x00000000       0x27 BSP/\libhal_bsp.a(alt_dcache_flush_all.o)
 .comment       0x00000000       0x27 BSP/\libhal_bsp.a(alt_dev.o)
 .comment       0x00000000       0x27 BSP/\libhal_bsp.a(alt_dev_llist_insert.o)
 .comment       0x00000000       0x27 BSP/\libhal_bsp.a(alt_errno.o)
 .comment       0x00000000       0x27 BSP/\libhal_bsp.a(alt_find_dev.o)
 .comment       0x00000000       0x27 BSP/\libhal_bsp.a(alt_icache_flush_all.o)
 .comment       0x00000000       0x27 BSP/\libhal_bsp.a(alt_io_redirect.o)
 .comment       0x00000000       0x27 BSP/\libhal_bsp.a(alt_irq_handler.o)
 .comment       0x00000000       0x27 BSP/\libhal_bsp.a(alt_open.o)
 .comment       0x00000000       0x27 BSP/\libhal_bsp.a(alt_release_fd.o)
 .comment       0x00000000       0x27 BSP/\libhal_bsp.a(alt_tick.o)
 .comment       0x00000000       0x27 BSP/\libhal_bsp.a(altera_nios2_qsys_irq.o)
 .comment       0x00000000       0x27 BSP/\libhal_bsp.a(alt_find_file.o)
 .comment       0x00000000       0x27 BSP/\libhal_bsp.a(alt_get_fd.o)
 .comment       0x00000000       0x27 BSP/\libhal_bsp.a(alt_icache_flush.o)
 .comment       0x00000000       0x27 c:/altera/13.0sp1/nios2eds/bin/gnu/h-i686-mingw32/bin/../lib/gcc/nios2-elf/4.1.2/../../../../nios2-elf/lib\libc.a(lib_a-exit.o)
 .comment       0x00000000       0x27 c:/altera/13.0sp1/nios2eds/bin/gnu/h-i686-mingw32/bin/../lib/gcc/nios2-elf/4.1.2/../../../../nios2-elf/lib\libc.a(lib_a-impure.o)
 .comment       0x00000000       0x27 c:/altera/13.0sp1/nios2eds/bin/gnu/h-i686-mingw32/bin/../lib/gcc/nios2-elf/4.1.2/../../../../nios2-elf/lib\libc.a(lib_a-int_errno.o)
 .comment       0x00000000       0x27 c:/altera/13.0sp1/nios2eds/bin/gnu/h-i686-mingw32/bin/../lib/gcc/nios2-elf/4.1.2/../../../../nios2-elf/lib\libc.a(lib_a-memcmp.o)
 .comment       0x00000000       0x27 c:/altera/13.0sp1/nios2eds/bin/gnu/h-i686-mingw32/bin/../lib/gcc/nios2-elf/4.1.2/../../../../nios2-elf/lib\libc.a(lib_a-strlen.o)
 .comment       0x00000000       0x27 c:/altera/13.0sp1/nios2eds/bin/gnu/h-i686-mingw32/bin/../lib/gcc/nios2-elf/4.1.2/../../../../nios2-elf/lib\libc.a(lib_a-__call_atexit.o)
 .comment       0x00000000       0x27 BSP/\libhal_bsp.a(alt_exit.o)

.debug
 *(.debug)

.line
 *(.line)

.debug_srcinfo
 *(.debug_srcinfo)

.debug_sfnames
 *(.debug_sfnames)

.debug_aranges  0x00000000      0x4f8
 *(.debug_aranges)
 .debug_aranges
                0x00000000       0x28 BSP//obj/HAL/src/crt0.o
 .debug_aranges
                0x00000028       0x20 obj/default//H/E_325/Lab/nios_alarm_clock/main.o
 .debug_aranges
                0x00000048       0x20 c:/altera/13.0sp1/nios2eds/bin/gnu/h-i686-mingw32/bin/../lib/gcc/nios2-elf/4.1.2\libgcc.a(lib2-divmod.o)
 .debug_aranges
                0x00000068       0x20 c:/altera/13.0sp1/nios2eds/bin/gnu/h-i686-mingw32/bin/../lib/gcc/nios2-elf/4.1.2/../../../../nios2-elf/lib\libc.a(lib_a-memcpy.o)
 .debug_aranges
                0x00000088       0x20 BSP/\libhal_bsp.a(alt_irq_register.o)
 .debug_aranges
                0x000000a8       0x20 BSP/\libhal_bsp.a(alt_load.o)
 .debug_aranges
                0x000000c8       0x20 BSP/\libhal_bsp.a(alt_main.o)
 .debug_aranges
                0x000000e8       0x20 BSP/\libhal_bsp.a(alt_sys_init.o)
 .debug_aranges
                0x00000108       0x20 BSP/\libhal_bsp.a(altera_avalon_jtag_uart_fd.o)
 .debug_aranges
                0x00000128       0x20 BSP/\libhal_bsp.a(altera_avalon_jtag_uart_init.o)
 .debug_aranges
                0x00000148       0x20 BSP/\libhal_bsp.a(altera_avalon_jtag_uart_ioctl.o)
 .debug_aranges
                0x00000168       0x20 BSP/\libhal_bsp.a(altera_avalon_jtag_uart_read.o)
 .debug_aranges
                0x00000188       0x20 BSP/\libhal_bsp.a(altera_avalon_jtag_uart_write.o)
 .debug_aranges
                0x000001a8       0x20 BSP/\libhal_bsp.a(altera_avalon_timer_sc.o)
 .debug_aranges
                0x000001c8       0x20 BSP/\libhal_bsp.a(altera_up_avalon_character_lcd.o)
 .debug_aranges
                0x000001e8       0x20 BSP/\libhal_bsp.a(alt_alarm_start.o)
 .debug_aranges
                0x00000208       0x20 BSP/\libhal_bsp.a(alt_close.o)
 .debug_aranges
                0x00000228       0x20 BSP/\libhal_bsp.a(alt_dcache_flush_all.o)
 .debug_aranges
                0x00000248       0x20 BSP/\libhal_bsp.a(alt_dev.o)
 .debug_aranges
                0x00000268       0x20 BSP/\libhal_bsp.a(alt_dev_llist_insert.o)
 .debug_aranges
                0x00000288       0x20 BSP/\libhal_bsp.a(alt_find_dev.o)
 .debug_aranges
                0x000002a8       0x20 BSP/\libhal_bsp.a(alt_icache_flush_all.o)
 .debug_aranges
                0x000002c8       0x20 BSP/\libhal_bsp.a(alt_io_redirect.o)
 .debug_aranges
                0x000002e8       0x30 BSP/\libhal_bsp.a(alt_irq_entry.o)
 .debug_aranges
                0x00000318       0x28 BSP/\libhal_bsp.a(alt_irq_handler.o)
 .debug_aranges
                0x00000340       0x20 BSP/\libhal_bsp.a(alt_open.o)
 .debug_aranges
                0x00000360       0x20 BSP/\libhal_bsp.a(alt_release_fd.o)
 .debug_aranges
                0x00000380       0x20 BSP/\libhal_bsp.a(alt_tick.o)
 .debug_aranges
                0x000003a0       0x20 BSP/\libhal_bsp.a(altera_nios2_qsys_irq.o)
 .debug_aranges
                0x000003c0       0x38 BSP/\libhal_bsp.a(alt_exception_entry.o)
 .debug_aranges
                0x000003f8       0x20 BSP/\libhal_bsp.a(alt_find_file.o)
 .debug_aranges
                0x00000418       0x20 BSP/\libhal_bsp.a(alt_get_fd.o)
 .debug_aranges
                0x00000438       0x20 BSP/\libhal_bsp.a(alt_icache_flush.o)
 .debug_aranges
                0x00000458       0x20 c:/altera/13.0sp1/nios2eds/bin/gnu/h-i686-mingw32/bin/../lib/gcc/nios2-elf/4.1.2/../../../../nios2-elf/lib\libc.a(lib_a-exit.o)
 .debug_aranges
                0x00000478       0x20 c:/altera/13.0sp1/nios2eds/bin/gnu/h-i686-mingw32/bin/../lib/gcc/nios2-elf/4.1.2/../../../../nios2-elf/lib\libc.a(lib_a-memcmp.o)
 .debug_aranges
                0x00000498       0x20 c:/altera/13.0sp1/nios2eds/bin/gnu/h-i686-mingw32/bin/../lib/gcc/nios2-elf/4.1.2/../../../../nios2-elf/lib\libc.a(lib_a-strlen.o)
 .debug_aranges
                0x000004b8       0x20 c:/altera/13.0sp1/nios2eds/bin/gnu/h-i686-mingw32/bin/../lib/gcc/nios2-elf/4.1.2/../../../../nios2-elf/lib\libc.a(lib_a-__call_atexit.o)
 .debug_aranges
                0x000004d8       0x20 BSP/\libhal_bsp.a(alt_exit.o)

.debug_pubnames
                0x00000000      0x9f5
 *(.debug_pubnames)
 .debug_pubnames
                0x00000000      0x111 obj/default//H/E_325/Lab/nios_alarm_clock/main.o
 .debug_pubnames
                0x00000111       0x48 c:/altera/13.0sp1/nios2eds/bin/gnu/h-i686-mingw32/bin/../lib/gcc/nios2-elf/4.1.2\libgcc.a(lib2-divmod.o)
 .debug_pubnames
                0x00000159       0x1d c:/altera/13.0sp1/nios2eds/bin/gnu/h-i686-mingw32/bin/../lib/gcc/nios2-elf/4.1.2/../../../../nios2-elf/lib\libc.a(lib_a-memcpy.o)
 .debug_pubnames
                0x00000176       0x27 BSP/\libhal_bsp.a(alt_irq_register.o)
 .debug_pubnames
                0x0000019d       0x3b BSP/\libhal_bsp.a(alt_irq_vars.o)
 .debug_pubnames
                0x000001d8       0x1f BSP/\libhal_bsp.a(alt_load.o)
 .debug_pubnames
                0x000001f7       0x46 BSP/\libhal_bsp.a(alt_main.o)
 .debug_pubnames
                0x0000023d       0x34 BSP/\libhal_bsp.a(alt_sys_init.o)
 .debug_pubnames
                0x00000271       0xa5 BSP/\libhal_bsp.a(altera_avalon_jtag_uart_fd.o)
 .debug_pubnames
                0x00000316       0x55 BSP/\libhal_bsp.a(altera_avalon_jtag_uart_init.o)
 .debug_pubnames
                0x0000036b       0x34 BSP/\libhal_bsp.a(altera_avalon_jtag_uart_ioctl.o)
 .debug_pubnames
                0x0000039f       0x33 BSP/\libhal_bsp.a(altera_avalon_jtag_uart_read.o)
 .debug_pubnames
                0x000003d2       0x34 BSP/\libhal_bsp.a(altera_avalon_jtag_uart_write.o)
 .debug_pubnames
                0x00000406       0x2f BSP/\libhal_bsp.a(altera_avalon_timer_sc.o)
 .debug_pubnames
                0x00000435      0x1cd BSP/\libhal_bsp.a(altera_up_avalon_character_lcd.o)
 .debug_pubnames
                0x00000602       0x26 BSP/\libhal_bsp.a(alt_alarm_start.o)
 .debug_pubnames
                0x00000628       0x1c BSP/\libhal_bsp.a(alt_close.o)
 .debug_pubnames
                0x00000644       0x2b BSP/\libhal_bsp.a(alt_dcache_flush_all.o)
 .debug_pubnames
                0x0000066f       0x63 BSP/\libhal_bsp.a(alt_dev.o)
 .debug_pubnames
                0x000006d2       0x2b BSP/\libhal_bsp.a(alt_dev_llist_insert.o)
 .debug_pubnames
                0x000006fd       0x20 BSP/\libhal_bsp.a(alt_errno.o)
 .debug_pubnames
                0x0000071d       0x23 BSP/\libhal_bsp.a(alt_find_dev.o)
 .debug_pubnames
                0x00000740       0x2b BSP/\libhal_bsp.a(alt_icache_flush_all.o)
 .debug_pubnames
                0x0000076b       0x26 BSP/\libhal_bsp.a(alt_io_redirect.o)
 .debug_pubnames
                0x00000791       0x32 BSP/\libhal_bsp.a(alt_irq_handler.o)
 .debug_pubnames
                0x000007c3       0x1b BSP/\libhal_bsp.a(alt_open.o)
 .debug_pubnames
                0x000007de       0x25 BSP/\libhal_bsp.a(alt_release_fd.o)
 .debug_pubnames
                0x00000803       0x68 BSP/\libhal_bsp.a(alt_tick.o)
 .debug_pubnames
                0x0000086b       0x31 BSP/\libhal_bsp.a(altera_nios2_qsys_irq.o)
 .debug_pubnames
                0x0000089c       0x24 BSP/\libhal_bsp.a(alt_find_file.o)
 .debug_pubnames
                0x000008c0       0x21 BSP/\libhal_bsp.a(alt_get_fd.o)
 .debug_pubnames
                0x000008e1       0x27 BSP/\libhal_bsp.a(alt_icache_flush.o)
 .debug_pubnames
                0x00000908       0x1b c:/altera/13.0sp1/nios2eds/bin/gnu/h-i686-mingw32/bin/../lib/gcc/nios2-elf/4.1.2/../../../../nios2-elf/lib\libc.a(lib_a-exit.o)
 .debug_pubnames
                0x00000923       0x39 c:/altera/13.0sp1/nios2eds/bin/gnu/h-i686-mingw32/bin/../lib/gcc/nios2-elf/4.1.2/../../../../nios2-elf/lib\libc.a(lib_a-impure.o)
 .debug_pubnames
                0x0000095c       0x1c c:/altera/13.0sp1/nios2eds/bin/gnu/h-i686-mingw32/bin/../lib/gcc/nios2-elf/4.1.2/../../../../nios2-elf/lib\libc.a(lib_a-int_errno.o)
 .debug_pubnames
                0x00000978       0x1d c:/altera/13.0sp1/nios2eds/bin/gnu/h-i686-mingw32/bin/../lib/gcc/nios2-elf/4.1.2/../../../../nios2-elf/lib\libc.a(lib_a-memcmp.o)
 .debug_pubnames
                0x00000995       0x1d c:/altera/13.0sp1/nios2eds/bin/gnu/h-i686-mingw32/bin/../lib/gcc/nios2-elf/4.1.2/../../../../nios2-elf/lib\libc.a(lib_a-strlen.o)
 .debug_pubnames
                0x000009b2       0x27 c:/altera/13.0sp1/nios2eds/bin/gnu/h-i686-mingw32/bin/../lib/gcc/nios2-elf/4.1.2/../../../../nios2-elf/lib\libc.a(lib_a-__call_atexit.o)
 .debug_pubnames
                0x000009d9       0x1c BSP/\libhal_bsp.a(alt_exit.o)

.debug_info     0x00000000     0x7bd8
 *(.debug_info .gnu.linkonce.wi.*)
 .debug_info    0x00000000       0x51 BSP//obj/HAL/src/crt0.o
 .debug_info    0x00000051      0x574 obj/default//H/E_325/Lab/nios_alarm_clock/main.o
 .debug_info    0x000005c5      0x21c c:/altera/13.0sp1/nios2eds/bin/gnu/h-i686-mingw32/bin/../lib/gcc/nios2-elf/4.1.2\libgcc.a(lib2-divmod.o)
 .debug_info    0x000007e1      0x106 c:/altera/13.0sp1/nios2eds/bin/gnu/h-i686-mingw32/bin/../lib/gcc/nios2-elf/4.1.2/../../../../nios2-elf/lib\libc.a(lib_a-memcpy.o)
 .debug_info    0x000008e7      0x318 BSP/\libhal_bsp.a(alt_irq_register.o)
 .debug_info    0x00000bff       0x92 BSP/\libhal_bsp.a(alt_irq_vars.o)
 .debug_info    0x00000c91      0x1a1 BSP/\libhal_bsp.a(alt_load.o)
 .debug_info    0x00000e32      0x161 BSP/\libhal_bsp.a(alt_main.o)
 .debug_info    0x00000f93      0x659 BSP/\libhal_bsp.a(alt_sys_init.o)
 .debug_info    0x000015ec      0x584 BSP/\libhal_bsp.a(altera_avalon_jtag_uart_fd.o)
 .debug_info    0x00001b70      0x3dd BSP/\libhal_bsp.a(altera_avalon_jtag_uart_init.o)
 .debug_info    0x00001f4d      0x2a3 BSP/\libhal_bsp.a(altera_avalon_jtag_uart_ioctl.o)
 .debug_info    0x000021f0      0x38b BSP/\libhal_bsp.a(altera_avalon_jtag_uart_read.o)
 .debug_info    0x0000257b      0x378 BSP/\libhal_bsp.a(altera_avalon_jtag_uart_write.o)
 .debug_info    0x000028f3      0x24d BSP/\libhal_bsp.a(altera_avalon_timer_sc.o)
 .debug_info    0x00002b40      0x653 BSP/\libhal_bsp.a(altera_up_avalon_character_lcd.o)
 .debug_info    0x00003193      0x2e0 BSP/\libhal_bsp.a(alt_alarm_start.o)
 .debug_info    0x00003473      0x364 BSP/\libhal_bsp.a(alt_close.o)
 .debug_info    0x000037d7       0x8d BSP/\libhal_bsp.a(alt_dcache_flush_all.o)
 .debug_info    0x00003864      0x4dd BSP/\libhal_bsp.a(alt_dev.o)
 .debug_info    0x00003d41      0x1b7 BSP/\libhal_bsp.a(alt_dev_llist_insert.o)
 .debug_info    0x00003ef8       0xab BSP/\libhal_bsp.a(alt_errno.o)
 .debug_info    0x00003fa3      0x310 BSP/\libhal_bsp.a(alt_find_dev.o)
 .debug_info    0x000042b3       0x8f BSP/\libhal_bsp.a(alt_icache_flush_all.o)
 .debug_info    0x00004342      0x4f6 BSP/\libhal_bsp.a(alt_io_redirect.o)
 .debug_info    0x00004838       0x5a BSP/\libhal_bsp.a(alt_irq_entry.o)
 .debug_info    0x00004892      0x18f BSP/\libhal_bsp.a(alt_irq_handler.o)
 .debug_info    0x00004a21      0x40c BSP/\libhal_bsp.a(alt_open.o)
 .debug_info    0x00004e2d      0x2d9 BSP/\libhal_bsp.a(alt_release_fd.o)
 .debug_info    0x00005106      0x2bb BSP/\libhal_bsp.a(alt_tick.o)
 .debug_info    0x000053c1       0xb7 BSP/\libhal_bsp.a(altera_nios2_qsys_irq.o)
 .debug_info    0x00005478       0x60 BSP/\libhal_bsp.a(alt_exception_entry.o)
 .debug_info    0x000054d8      0x30e BSP/\libhal_bsp.a(alt_find_file.o)
 .debug_info    0x000057e6      0x333 BSP/\libhal_bsp.a(alt_get_fd.o)
 .debug_info    0x00005b19       0xd5 BSP/\libhal_bsp.a(alt_icache_flush.o)
 .debug_info    0x00005bee      0x93f c:/altera/13.0sp1/nios2eds/bin/gnu/h-i686-mingw32/bin/../lib/gcc/nios2-elf/4.1.2/../../../../nios2-elf/lib\libc.a(lib_a-exit.o)
 .debug_info    0x0000652d      0x93d c:/altera/13.0sp1/nios2eds/bin/gnu/h-i686-mingw32/bin/../lib/gcc/nios2-elf/4.1.2/../../../../nios2-elf/lib\libc.a(lib_a-impure.o)
 .debug_info    0x00006e6a       0x8c c:/altera/13.0sp1/nios2eds/bin/gnu/h-i686-mingw32/bin/../lib/gcc/nios2-elf/4.1.2/../../../../nios2-elf/lib\libc.a(lib_a-int_errno.o)
 .debug_info    0x00006ef6      0x115 c:/altera/13.0sp1/nios2eds/bin/gnu/h-i686-mingw32/bin/../lib/gcc/nios2-elf/4.1.2/../../../../nios2-elf/lib\libc.a(lib_a-memcmp.o)
 .debug_info    0x0000700b       0xdb c:/altera/13.0sp1/nios2eds/bin/gnu/h-i686-mingw32/bin/../lib/gcc/nios2-elf/4.1.2/../../../../nios2-elf/lib\libc.a(lib_a-strlen.o)
 .debug_info    0x000070e6      0x9e2 c:/altera/13.0sp1/nios2eds/bin/gnu/h-i686-mingw32/bin/../lib/gcc/nios2-elf/4.1.2/../../../../nios2-elf/lib\libc.a(lib_a-__call_atexit.o)
 .debug_info    0x00007ac8      0x110 BSP/\libhal_bsp.a(alt_exit.o)

.debug_abbrev   0x00000000     0x27de
 *(.debug_abbrev)
 .debug_abbrev  0x00000000       0x12 BSP//obj/HAL/src/crt0.o
 .debug_abbrev  0x00000012      0x1b5 obj/default//H/E_325/Lab/nios_alarm_clock/main.o
 .debug_abbrev  0x000001c7       0xe0 c:/altera/13.0sp1/nios2eds/bin/gnu/h-i686-mingw32/bin/../lib/gcc/nios2-elf/4.1.2\libgcc.a(lib2-divmod.o)
 .debug_abbrev  0x000002a7       0xb5 c:/altera/13.0sp1/nios2eds/bin/gnu/h-i686-mingw32/bin/../lib/gcc/nios2-elf/4.1.2/../../../../nios2-elf/lib\libc.a(lib_a-memcpy.o)
 .debug_abbrev  0x0000035c      0x1a8 BSP/\libhal_bsp.a(alt_irq_register.o)
 .debug_abbrev  0x00000504       0x44 BSP/\libhal_bsp.a(alt_irq_vars.o)
 .debug_abbrev  0x00000548       0xb6 BSP/\libhal_bsp.a(alt_load.o)
 .debug_abbrev  0x000005fe       0xbe BSP/\libhal_bsp.a(alt_main.o)
 .debug_abbrev  0x000006bc      0x17b BSP/\libhal_bsp.a(alt_sys_init.o)
 .debug_abbrev  0x00000837      0x113 BSP/\libhal_bsp.a(altera_avalon_jtag_uart_fd.o)
 .debug_abbrev  0x0000094a      0x198 BSP/\libhal_bsp.a(altera_avalon_jtag_uart_init.o)
 .debug_abbrev  0x00000ae2      0x10c BSP/\libhal_bsp.a(altera_avalon_jtag_uart_ioctl.o)
 .debug_abbrev  0x00000bee      0x194 BSP/\libhal_bsp.a(altera_avalon_jtag_uart_read.o)
 .debug_abbrev  0x00000d82      0x18c BSP/\libhal_bsp.a(altera_avalon_jtag_uart_write.o)
 .debug_abbrev  0x00000f0e      0x14b BSP/\libhal_bsp.a(altera_avalon_timer_sc.o)
 .debug_abbrev  0x00001059      0x182 BSP/\libhal_bsp.a(altera_up_avalon_character_lcd.o)
 .debug_abbrev  0x000011db      0x179 BSP/\libhal_bsp.a(alt_alarm_start.o)
 .debug_abbrev  0x00001354      0x124 BSP/\libhal_bsp.a(alt_close.o)
 .debug_abbrev  0x00001478       0x3f BSP/\libhal_bsp.a(alt_dcache_flush_all.o)
 .debug_abbrev  0x000014b7       0xd6 BSP/\libhal_bsp.a(alt_dev.o)
 .debug_abbrev  0x0000158d      0x117 BSP/\libhal_bsp.a(alt_dev_llist_insert.o)
 .debug_abbrev  0x000016a4       0x5e BSP/\libhal_bsp.a(alt_errno.o)
 .debug_abbrev  0x00001702       0xed BSP/\libhal_bsp.a(alt_find_dev.o)
 .debug_abbrev  0x000017ef       0x3f BSP/\libhal_bsp.a(alt_icache_flush_all.o)
 .debug_abbrev  0x0000182e      0x10e BSP/\libhal_bsp.a(alt_io_redirect.o)
 .debug_abbrev  0x0000193c       0x12 BSP/\libhal_bsp.a(alt_irq_entry.o)
 .debug_abbrev  0x0000194e      0x12f BSP/\libhal_bsp.a(alt_irq_handler.o)
 .debug_abbrev  0x00001a7d      0x177 BSP/\libhal_bsp.a(alt_open.o)
 .debug_abbrev  0x00001bf4       0xdb BSP/\libhal_bsp.a(alt_release_fd.o)
 .debug_abbrev  0x00001ccf      0x170 BSP/\libhal_bsp.a(alt_tick.o)
 .debug_abbrev  0x00001e3f       0x64 BSP/\libhal_bsp.a(altera_nios2_qsys_irq.o)
 .debug_abbrev  0x00001ea3       0x12 BSP/\libhal_bsp.a(alt_exception_entry.o)
 .debug_abbrev  0x00001eb5       0xed BSP/\libhal_bsp.a(alt_find_file.o)
 .debug_abbrev  0x00001fa2      0x108 BSP/\libhal_bsp.a(alt_get_fd.o)
 .debug_abbrev  0x000020aa       0x89 BSP/\libhal_bsp.a(alt_icache_flush.o)
 .debug_abbrev  0x00002133      0x16e c:/altera/13.0sp1/nios2eds/bin/gnu/h-i686-mingw32/bin/../lib/gcc/nios2-elf/4.1.2/../../../../nios2-elf/lib\libc.a(lib_a-exit.o)
 .debug_abbrev  0x000022a1      0x157 c:/altera/13.0sp1/nios2eds/bin/gnu/h-i686-mingw32/bin/../lib/gcc/nios2-elf/4.1.2/../../../../nios2-elf/lib\libc.a(lib_a-impure.o)
 .debug_abbrev  0x000023f8       0x3b c:/altera/13.0sp1/nios2eds/bin/gnu/h-i686-mingw32/bin/../lib/gcc/nios2-elf/4.1.2/../../../../nios2-elf/lib\libc.a(lib_a-int_errno.o)
 .debug_abbrev  0x00002433       0x7c c:/altera/13.0sp1/nios2eds/bin/gnu/h-i686-mingw32/bin/../lib/gcc/nios2-elf/4.1.2/../../../../nios2-elf/lib\libc.a(lib_a-memcmp.o)
 .debug_abbrev  0x000024af       0x8b c:/altera/13.0sp1/nios2eds/bin/gnu/h-i686-mingw32/bin/../lib/gcc/nios2-elf/4.1.2/../../../../nios2-elf/lib\libc.a(lib_a-strlen.o)
 .debug_abbrev  0x0000253a      0x1de c:/altera/13.0sp1/nios2eds/bin/gnu/h-i686-mingw32/bin/../lib/gcc/nios2-elf/4.1.2/../../../../nios2-elf/lib\libc.a(lib_a-__call_atexit.o)
 .debug_abbrev  0x00002718       0xc6 BSP/\libhal_bsp.a(alt_exit.o)

.debug_line     0x00000000     0x641a
 *(.debug_line)
 .debug_line    0x00000000       0x6c BSP//obj/HAL/src/crt0.o
 .debug_line    0x0000006c      0x525 obj/default//H/E_325/Lab/nios_alarm_clock/main.o
 .debug_line    0x00000591      0x24f c:/altera/13.0sp1/nios2eds/bin/gnu/h-i686-mingw32/bin/../lib/gcc/nios2-elf/4.1.2\libgcc.a(lib2-divmod.o)
 .debug_line    0x000007e0      0x1ac c:/altera/13.0sp1/nios2eds/bin/gnu/h-i686-mingw32/bin/../lib/gcc/nios2-elf/4.1.2/../../../../nios2-elf/lib\libc.a(lib_a-memcpy.o)
 .debug_line    0x0000098c      0x28c BSP/\libhal_bsp.a(alt_irq_register.o)
 .debug_line    0x00000c18       0x72 BSP/\libhal_bsp.a(alt_irq_vars.o)
 .debug_line    0x00000c8a      0x273 BSP/\libhal_bsp.a(alt_load.o)
 .debug_line    0x00000efd      0x2ce BSP/\libhal_bsp.a(alt_main.o)
 .debug_line    0x000011cb      0x32c BSP/\libhal_bsp.a(alt_sys_init.o)
 .debug_line    0x000014f7      0x1fd BSP/\libhal_bsp.a(altera_avalon_jtag_uart_fd.o)
 .debug_line    0x000016f4      0x46e BSP/\libhal_bsp.a(altera_avalon_jtag_uart_init.o)
 .debug_line    0x00001b62      0x2e7 BSP/\libhal_bsp.a(altera_avalon_jtag_uart_ioctl.o)
 .debug_line    0x00001e49      0x3ec BSP/\libhal_bsp.a(altera_avalon_jtag_uart_read.o)
 .debug_line    0x00002235      0x415 BSP/\libhal_bsp.a(altera_avalon_jtag_uart_write.o)
 .debug_line    0x0000264a      0x2b4 BSP/\libhal_bsp.a(altera_avalon_timer_sc.o)
 .debug_line    0x000028fe      0x43c BSP/\libhal_bsp.a(altera_up_avalon_character_lcd.o)
 .debug_line    0x00002d3a      0x2a3 BSP/\libhal_bsp.a(alt_alarm_start.o)
 .debug_line    0x00002fdd      0x285 BSP/\libhal_bsp.a(alt_close.o)
 .debug_line    0x00003262      0x1b5 BSP/\libhal_bsp.a(alt_dcache_flush_all.o)
 .debug_line    0x00003417      0x24c BSP/\libhal_bsp.a(alt_dev.o)
 .debug_line    0x00003663      0x236 BSP/\libhal_bsp.a(alt_dev_llist_insert.o)
 .debug_line    0x00003899      0x1aa BSP/\libhal_bsp.a(alt_errno.o)
 .debug_line    0x00003a43      0x25b BSP/\libhal_bsp.a(alt_find_dev.o)
 .debug_line    0x00003c9e      0x1bd BSP/\libhal_bsp.a(alt_icache_flush_all.o)
 .debug_line    0x00003e5b      0x2b4 BSP/\libhal_bsp.a(alt_io_redirect.o)
 .debug_line    0x0000410f       0x6b BSP/\libhal_bsp.a(alt_irq_entry.o)
 .debug_line    0x0000417a      0x240 BSP/\libhal_bsp.a(alt_irq_handler.o)
 .debug_line    0x000043ba      0x2a6 BSP/\libhal_bsp.a(alt_open.o)
 .debug_line    0x00004660       0xe5 BSP/\libhal_bsp.a(alt_release_fd.o)
 .debug_line    0x00004745      0x2cb BSP/\libhal_bsp.a(alt_tick.o)
 .debug_line    0x00004a10      0x1e7 BSP/\libhal_bsp.a(altera_nios2_qsys_irq.o)
 .debug_line    0x00004bf7       0xab BSP/\libhal_bsp.a(alt_exception_entry.o)
 .debug_line    0x00004ca2      0x26c BSP/\libhal_bsp.a(alt_find_file.o)
 .debug_line    0x00004f0e      0x277 BSP/\libhal_bsp.a(alt_get_fd.o)
 .debug_line    0x00005185      0x1e9 BSP/\libhal_bsp.a(alt_icache_flush.o)
 .debug_line    0x0000536e      0x238 c:/altera/13.0sp1/nios2eds/bin/gnu/h-i686-mingw32/bin/../lib/gcc/nios2-elf/4.1.2/../../../../nios2-elf/lib\libc.a(lib_a-exit.o)
 .debug_line    0x000055a6      0x22d c:/altera/13.0sp1/nios2eds/bin/gnu/h-i686-mingw32/bin/../lib/gcc/nios2-elf/4.1.2/../../../../nios2-elf/lib\libc.a(lib_a-impure.o)
 .debug_line    0x000057d3      0x1df c:/altera/13.0sp1/nios2eds/bin/gnu/h-i686-mingw32/bin/../lib/gcc/nios2-elf/4.1.2/../../../../nios2-elf/lib\libc.a(lib_a-int_errno.o)
 .debug_line    0x000059b2      0x29f c:/altera/13.0sp1/nios2eds/bin/gnu/h-i686-mingw32/bin/../lib/gcc/nios2-elf/4.1.2/../../../../nios2-elf/lib\libc.a(lib_a-memcmp.o)
 .debug_line    0x00005c51      0x26d c:/altera/13.0sp1/nios2eds/bin/gnu/h-i686-mingw32/bin/../lib/gcc/nios2-elf/4.1.2/../../../../nios2-elf/lib\libc.a(lib_a-strlen.o)
 .debug_line    0x00005ebe      0x367 c:/altera/13.0sp1/nios2eds/bin/gnu/h-i686-mingw32/bin/../lib/gcc/nios2-elf/4.1.2/../../../../nios2-elf/lib\libc.a(lib_a-__call_atexit.o)
 .debug_line    0x00006225      0x1f5 BSP/\libhal_bsp.a(alt_exit.o)

.debug_frame    0x00000000      0x85c
 *(.debug_frame)
 .debug_frame   0x00000000       0xdc obj/default//H/E_325/Lab/nios_alarm_clock/main.o
 .debug_frame   0x000000dc       0x70 c:/altera/13.0sp1/nios2eds/bin/gnu/h-i686-mingw32/bin/../lib/gcc/nios2-elf/4.1.2\libgcc.a(lib2-divmod.o)
 .debug_frame   0x0000014c       0x20 c:/altera/13.0sp1/nios2eds/bin/gnu/h-i686-mingw32/bin/../lib/gcc/nios2-elf/4.1.2/../../../../nios2-elf/lib\libc.a(lib_a-memcpy.o)
 .debug_frame   0x0000016c       0x20 BSP/\libhal_bsp.a(alt_irq_register.o)
 .debug_frame   0x0000018c       0x28 BSP/\libhal_bsp.a(alt_load.o)
 .debug_frame   0x000001b4       0x28 BSP/\libhal_bsp.a(alt_main.o)
 .debug_frame   0x000001dc       0x44 BSP/\libhal_bsp.a(alt_sys_init.o)
 .debug_frame   0x00000220       0x70 BSP/\libhal_bsp.a(altera_avalon_jtag_uart_fd.o)
 .debug_frame   0x00000290       0x58 BSP/\libhal_bsp.a(altera_avalon_jtag_uart_init.o)
 .debug_frame   0x000002e8       0x20 BSP/\libhal_bsp.a(altera_avalon_jtag_uart_ioctl.o)
 .debug_frame   0x00000308       0x38 BSP/\libhal_bsp.a(altera_avalon_jtag_uart_read.o)
 .debug_frame   0x00000340       0x34 BSP/\libhal_bsp.a(altera_avalon_jtag_uart_write.o)
 .debug_frame   0x00000374       0x40 BSP/\libhal_bsp.a(altera_avalon_timer_sc.o)
 .debug_frame   0x000003b4      0x134 BSP/\libhal_bsp.a(altera_up_avalon_character_lcd.o)
 .debug_frame   0x000004e8       0x20 BSP/\libhal_bsp.a(alt_alarm_start.o)
 .debug_frame   0x00000508       0x2c BSP/\libhal_bsp.a(alt_close.o)
 .debug_frame   0x00000534       0x20 BSP/\libhal_bsp.a(alt_dcache_flush_all.o)
 .debug_frame   0x00000554       0x20 BSP/\libhal_bsp.a(alt_dev.o)
 .debug_frame   0x00000574       0x28 BSP/\libhal_bsp.a(alt_dev_llist_insert.o)
 .debug_frame   0x0000059c       0x30 BSP/\libhal_bsp.a(alt_find_dev.o)
 .debug_frame   0x000005cc       0x28 BSP/\libhal_bsp.a(alt_icache_flush_all.o)
 .debug_frame   0x000005f4       0x48 BSP/\libhal_bsp.a(alt_io_redirect.o)
 .debug_frame   0x0000063c       0x28 BSP/\libhal_bsp.a(alt_irq_handler.o)
 .debug_frame   0x00000664       0x34 BSP/\libhal_bsp.a(alt_open.o)
 .debug_frame   0x00000698       0x20 BSP/\libhal_bsp.a(alt_release_fd.o)
 .debug_frame   0x000006b8       0x3c BSP/\libhal_bsp.a(alt_tick.o)
 .debug_frame   0x000006f4       0x20 BSP/\libhal_bsp.a(altera_nios2_qsys_irq.o)
 .debug_frame   0x00000714       0x34 BSP/\libhal_bsp.a(alt_find_file.o)
 .debug_frame   0x00000748       0x20 BSP/\libhal_bsp.a(alt_get_fd.o)
 .debug_frame   0x00000768       0x20 BSP/\libhal_bsp.a(alt_icache_flush.o)
 .debug_frame   0x00000788       0x28 c:/altera/13.0sp1/nios2eds/bin/gnu/h-i686-mingw32/bin/../lib/gcc/nios2-elf/4.1.2/../../../../nios2-elf/lib\libc.a(lib_a-exit.o)
 .debug_frame   0x000007b0       0x20 c:/altera/13.0sp1/nios2eds/bin/gnu/h-i686-mingw32/bin/../lib/gcc/nios2-elf/4.1.2/../../../../nios2-elf/lib\libc.a(lib_a-memcmp.o)
 .debug_frame   0x000007d0       0x20 c:/altera/13.0sp1/nios2eds/bin/gnu/h-i686-mingw32/bin/../lib/gcc/nios2-elf/4.1.2/../../../../nios2-elf/lib\libc.a(lib_a-strlen.o)
 .debug_frame   0x000007f0       0x4c c:/altera/13.0sp1/nios2eds/bin/gnu/h-i686-mingw32/bin/../lib/gcc/nios2-elf/4.1.2/../../../../nios2-elf/lib\libc.a(lib_a-__call_atexit.o)
 .debug_frame   0x0000083c       0x20 BSP/\libhal_bsp.a(alt_exit.o)

.debug_str      0x00000000     0x17f5
 *(.debug_str)
 .debug_str     0x00000000      0x282 obj/default//H/E_325/Lab/nios_alarm_clock/main.o
                                0x303 (size before relaxing)
 .debug_str     0x00000282      0x10b c:/altera/13.0sp1/nios2eds/bin/gnu/h-i686-mingw32/bin/../lib/gcc/nios2-elf/4.1.2\libgcc.a(lib2-divmod.o)
                                0x1b4 (size before relaxing)
 .debug_str     0x0000038d       0xfc c:/altera/13.0sp1/nios2eds/bin/gnu/h-i686-mingw32/bin/../lib/gcc/nios2-elf/4.1.2/../../../../nios2-elf/lib\libc.a(lib_a-memcpy.o)
                                0x128 (size before relaxing)
 .debug_str     0x00000489       0xef BSP/\libhal_bsp.a(alt_irq_register.o)
                                0x19c (size before relaxing)
 .debug_str     0x00000578       0x17 BSP/\libhal_bsp.a(alt_irq_vars.o)
                                 0xe3 (size before relaxing)
 .debug_str     0x0000058f       0xe9 BSP/\libhal_bsp.a(alt_load.o)
                                0x1a6 (size before relaxing)
 .debug_str     0x00000678       0x44 BSP/\libhal_bsp.a(alt_main.o)
                                0x15a (size before relaxing)
 .debug_str     0x000006bc      0x190 BSP/\libhal_bsp.a(alt_sys_init.o)
                                0x37c (size before relaxing)
 .debug_str     0x0000084c       0xb9 BSP/\libhal_bsp.a(altera_avalon_jtag_uart_fd.o)
                                0x338 (size before relaxing)
 .debug_str     0x00000905       0xd1 BSP/\libhal_bsp.a(altera_avalon_jtag_uart_init.o)
                                0x2ed (size before relaxing)
 .debug_str     0x000009d6       0x4a BSP/\libhal_bsp.a(altera_avalon_jtag_uart_ioctl.o)
                                0x227 (size before relaxing)
 .debug_str     0x00000a20       0x48 BSP/\libhal_bsp.a(altera_avalon_jtag_uart_read.o)
                                0x29d (size before relaxing)
 .debug_str     0x00000a68       0x4a BSP/\libhal_bsp.a(altera_avalon_jtag_uart_write.o)
                                0x29e (size before relaxing)
 .debug_str     0x00000ab2       0x6d BSP/\libhal_bsp.a(altera_avalon_timer_sc.o)
                                0x1f9 (size before relaxing)
 .debug_str     0x00000b1f      0x1ea BSP/\libhal_bsp.a(altera_up_avalon_character_lcd.o)
                                0x385 (size before relaxing)
 .debug_str     0x00000d09       0x5f BSP/\libhal_bsp.a(alt_alarm_start.o)
                                0x233 (size before relaxing)
 .debug_str     0x00000d68       0x44 BSP/\libhal_bsp.a(alt_close.o)
                                0x19f (size before relaxing)
 .debug_str     0x00000dac       0x34 BSP/\libhal_bsp.a(alt_dcache_flush_all.o)
                                 0xe9 (size before relaxing)
 .debug_str     0x00000de0      0x119 BSP/\libhal_bsp.a(alt_dev.o)
                                0x299 (size before relaxing)
 .debug_str     0x00000ef9       0x42 BSP/\libhal_bsp.a(alt_dev_llist_insert.o)
                                0x160 (size before relaxing)
 .debug_str     0x00000f3b       0x14 BSP/\libhal_bsp.a(alt_errno.o)
                                 0xd9 (size before relaxing)
 .debug_str     0x00000f4f       0x24 BSP/\libhal_bsp.a(alt_find_dev.o)
                                0x180 (size before relaxing)
 .debug_str     0x00000f73       0x34 BSP/\libhal_bsp.a(alt_icache_flush_all.o)
                                 0xe9 (size before relaxing)
 .debug_str     0x00000fa7       0x56 BSP/\libhal_bsp.a(alt_io_redirect.o)
                                0x2aa (size before relaxing)
 .debug_str     0x00000ffd       0x3a BSP/\libhal_bsp.a(alt_irq_handler.o)
                                0x14c (size before relaxing)
 .debug_str     0x00001037       0x2f BSP/\libhal_bsp.a(alt_open.o)
                                0x1df (size before relaxing)
 .debug_str     0x00001066       0x28 BSP/\libhal_bsp.a(alt_release_fd.o)
                                0x17c (size before relaxing)
 .debug_str     0x0000108e       0x4a BSP/\libhal_bsp.a(alt_tick.o)
                                0x207 (size before relaxing)
 .debug_str     0x000010d8       0x3b BSP/\libhal_bsp.a(altera_nios2_qsys_irq.o)
                                0x119 (size before relaxing)
 .debug_str     0x00001113       0x26 BSP/\libhal_bsp.a(alt_find_file.o)
                                0x18e (size before relaxing)
 .debug_str     0x00001139       0x30 BSP/\libhal_bsp.a(alt_get_fd.o)
                                0x1b0 (size before relaxing)
 .debug_str     0x00001169       0x2c BSP/\libhal_bsp.a(alt_icache_flush.o)
                                 0xef (size before relaxing)
 .debug_str     0x00001195      0x41c c:/altera/13.0sp1/nios2eds/bin/gnu/h-i686-mingw32/bin/../lib/gcc/nios2-elf/4.1.2/../../../../nios2-elf/lib\libc.a(lib_a-exit.o)
                                0x50c (size before relaxing)
 .debug_str     0x000015b1       0xd1 c:/altera/13.0sp1/nios2eds/bin/gnu/h-i686-mingw32/bin/../lib/gcc/nios2-elf/4.1.2/../../../../nios2-elf/lib\libc.a(lib_a-impure.o)
                                0x51a (size before relaxing)
 .debug_str     0x00001682       0x3d c:/altera/13.0sp1/nios2eds/bin/gnu/h-i686-mingw32/bin/../lib/gcc/nios2-elf/4.1.2/../../../../nios2-elf/lib\libc.a(lib_a-int_errno.o)
                                0x163 (size before relaxing)
 .debug_str     0x000016bf       0x42 c:/altera/13.0sp1/nios2eds/bin/gnu/h-i686-mingw32/bin/../lib/gcc/nios2-elf/4.1.2/../../../../nios2-elf/lib\libc.a(lib_a-memcmp.o)
                                0x16a (size before relaxing)
 .debug_str     0x00001701       0x4f c:/altera/13.0sp1/nios2eds/bin/gnu/h-i686-mingw32/bin/../lib/gcc/nios2-elf/4.1.2/../../../../nios2-elf/lib\libc.a(lib_a-strlen.o)
                                0x17d (size before relaxing)
 .debug_str     0x00001750       0x7b c:/altera/13.0sp1/nios2eds/bin/gnu/h-i686-mingw32/bin/../lib/gcc/nios2-elf/4.1.2/../../../../nios2-elf/lib\libc.a(lib_a-__call_atexit.o)
                                0x54e (size before relaxing)
 .debug_str     0x000017cb       0x2a BSP/\libhal_bsp.a(alt_exit.o)
                                0x10e (size before relaxing)

.debug_loc      0x00000000     0x1a1e
 *(.debug_loc)
 .debug_loc     0x00000000      0x117 obj/default//H/E_325/Lab/nios_alarm_clock/main.o
 .debug_loc     0x00000117      0x1d2 c:/altera/13.0sp1/nios2eds/bin/gnu/h-i686-mingw32/bin/../lib/gcc/nios2-elf/4.1.2\libgcc.a(lib2-divmod.o)
 .debug_loc     0x000002e9       0xca c:/altera/13.0sp1/nios2eds/bin/gnu/h-i686-mingw32/bin/../lib/gcc/nios2-elf/4.1.2/../../../../nios2-elf/lib\libc.a(lib_a-memcpy.o)
 .debug_loc     0x000003b3       0x78 BSP/\libhal_bsp.a(alt_irq_register.o)
 .debug_loc     0x0000042b       0xeb BSP/\libhal_bsp.a(alt_load.o)
 .debug_loc     0x00000516       0x1f BSP/\libhal_bsp.a(alt_main.o)
 .debug_loc     0x00000535       0x51 BSP/\libhal_bsp.a(alt_sys_init.o)
 .debug_loc     0x00000586      0x15b BSP/\libhal_bsp.a(altera_avalon_jtag_uart_fd.o)
 .debug_loc     0x000006e1      0x10c BSP/\libhal_bsp.a(altera_avalon_jtag_uart_init.o)
 .debug_loc     0x000007ed       0x47 BSP/\libhal_bsp.a(altera_avalon_jtag_uart_ioctl.o)
 .debug_loc     0x00000834      0x188 BSP/\libhal_bsp.a(altera_avalon_jtag_uart_read.o)
 .debug_loc     0x000009bc      0x1d5 BSP/\libhal_bsp.a(altera_avalon_jtag_uart_write.o)
 .debug_loc     0x00000b91       0xd9 BSP/\libhal_bsp.a(altera_avalon_timer_sc.o)
 .debug_loc     0x00000c6a      0x39a BSP/\libhal_bsp.a(altera_up_avalon_character_lcd.o)
 .debug_loc     0x00001004       0x39 BSP/\libhal_bsp.a(alt_alarm_start.o)
 .debug_loc     0x0000103d       0x9a BSP/\libhal_bsp.a(alt_close.o)
 .debug_loc     0x000010d7       0x5b BSP/\libhal_bsp.a(alt_dev_llist_insert.o)
 .debug_loc     0x00001132       0x81 BSP/\libhal_bsp.a(alt_find_dev.o)
 .debug_loc     0x000011b3       0x1f BSP/\libhal_bsp.a(alt_icache_flush_all.o)
 .debug_loc     0x000011d2      0x139 BSP/\libhal_bsp.a(alt_io_redirect.o)
 .debug_loc     0x0000130b       0x79 BSP/\libhal_bsp.a(alt_irq_handler.o)
 .debug_loc     0x00001384      0x1fe BSP/\libhal_bsp.a(alt_open.o)
 .debug_loc     0x00001582       0x66 BSP/\libhal_bsp.a(alt_tick.o)
 .debug_loc     0x000015e8       0x84 BSP/\libhal_bsp.a(alt_find_file.o)
 .debug_loc     0x0000166c       0x47 BSP/\libhal_bsp.a(alt_get_fd.o)
 .debug_loc     0x000016b3       0x13 BSP/\libhal_bsp.a(alt_icache_flush.o)
 .debug_loc     0x000016c6       0x3d c:/altera/13.0sp1/nios2eds/bin/gnu/h-i686-mingw32/bin/../lib/gcc/nios2-elf/4.1.2/../../../../nios2-elf/lib\libc.a(lib_a-exit.o)
 .debug_loc     0x00001703      0x114 c:/altera/13.0sp1/nios2eds/bin/gnu/h-i686-mingw32/bin/../lib/gcc/nios2-elf/4.1.2/../../../../nios2-elf/lib\libc.a(lib_a-memcmp.o)
 .debug_loc     0x00001817       0x3c c:/altera/13.0sp1/nios2eds/bin/gnu/h-i686-mingw32/bin/../lib/gcc/nios2-elf/4.1.2/../../../../nios2-elf/lib\libc.a(lib_a-strlen.o)
 .debug_loc     0x00001853      0x1cb c:/altera/13.0sp1/nios2eds/bin/gnu/h-i686-mingw32/bin/../lib/gcc/nios2-elf/4.1.2/../../../../nios2-elf/lib\libc.a(lib_a-__call_atexit.o)

.debug_macinfo
 *(.debug_macinfo)

.debug_weaknames
 *(.debug_weaknames)

.debug_funcnames
 *(.debug_funcnames)

.debug_typenames
 *(.debug_typenames)

.debug_varnames
 *(.debug_varnames)

.debug_alt_sim_info
                0x00000000       0x20
 *(.debug_alt_sim_info)
 .debug_alt_sim_info
                0x00000000       0x20 BSP//obj/HAL/src/crt0.o
                0x00006000                __alt_data_end = 0x6000
                0x00006000                PROVIDE (__alt_stack_pointer, __alt_data_end)
                0x00004e48                PROVIDE (__alt_stack_limit, __alt_stack_base)
                0x00004e48                PROVIDE (__alt_heap_start, end)
                0x00006000                PROVIDE (__alt_heap_limit, 0x6000)
OUTPUT(H:/E_325/Lab/nios_alarm_clock/main.elf elf32-littlenios2)

.debug_ranges   0x00000000      0x180
 .debug_ranges  0x00000000       0x20 BSP//obj/HAL/src/crt0.o
 .debug_ranges  0x00000020       0x48 BSP/\libhal_bsp.a(alt_load.o)
 .debug_ranges  0x00000068       0x18 BSP/\libhal_bsp.a(altera_avalon_jtag_uart_read.o)
 .debug_ranges  0x00000080       0x48 BSP/\libhal_bsp.a(altera_avalon_jtag_uart_write.o)
 .debug_ranges  0x000000c8       0x28 BSP/\libhal_bsp.a(alt_irq_entry.o)
 .debug_ranges  0x000000f0       0x18 BSP/\libhal_bsp.a(alt_irq_handler.o)
 .debug_ranges  0x00000108       0x30 BSP/\libhal_bsp.a(alt_open.o)
 .debug_ranges  0x00000138       0x30 BSP/\libhal_bsp.a(alt_exception_entry.o)
 .debug_ranges  0x00000168       0x18 c:/altera/13.0sp1/nios2eds/bin/gnu/h-i686-mingw32/bin/../lib/gcc/nios2-elf/4.1.2/../../../../nios2-elf/lib\libc.a(lib_a-__call_atexit.o)
